============================= test session starts =============================
platform win32 -- Python 3.14.0, pytest-9.0.1, pluggy-1.6.0 -- C:\Python314\python.exe
cachedir: .pytest_cache
rootdir: K:\lance\backend
configfile: pyproject.toml
plugins: anyio-4.12.0, asyncio-1.3.0, cov-7.0.0
asyncio: mode=Mode.AUTO, debug=False, asyncio_default_fixture_loop_scope=None, asyncio_default_test_loop_scope=function
collecting ... collected 3 items

tests/test_cache_integration.py::test_game_catalog_caching_and_invalidation FAILED [ 33%]
tests/test_cache_integration.py::test_stats_summary_cached PASSED        [ 66%]
tests/test_cache_integration.py::test_prometheus_metrics_endpoint_available PASSED [100%]

================================== FAILURES ===================================
_________________ test_game_catalog_caching_and_invalidation __________________
C:\Users\TheLo\AppData\Roaming\Python\Python314\site-packages\sqlalchemy\engine\base.py:143: in __init__
    self._dbapi_connection = engine.raw_connection()
                             ^^^^^^^^^^^^^^^^^^^^^^^
C:\Users\TheLo\AppData\Roaming\Python\Python314\site-packages\sqlalchemy\engine\base.py:3301: in raw_connection
    return self.pool.connect()
           ^^^^^^^^^^^^^^^^^^^
C:\Users\TheLo\AppData\Roaming\Python\Python314\site-packages\sqlalchemy\pool\base.py:447: in connect
    return _ConnectionFairy._checkout(self)
           ^^^^^^^^^^^^^^^^^^^^^^^^^^^^^^^^
C:\Users\TheLo\AppData\Roaming\Python\Python314\site-packages\sqlalchemy\pool\base.py:1264: in _checkout
    fairy = _ConnectionRecord.checkout(pool)
            ^^^^^^^^^^^^^^^^^^^^^^^^^^^^^^^^
C:\Users\TheLo\AppData\Roaming\Python\Python314\site-packages\sqlalchemy\pool\base.py:711: in checkout
    rec = pool._do_get()
          ^^^^^^^^^^^^^^
C:\Users\TheLo\AppData\Roaming\Python\Python314\site-packages\sqlalchemy\pool\impl.py:177: in _do_get
    with util.safe_reraise():
         ^^^^^^^^^^^^^^^^^^^
C:\Users\TheLo\AppData\Roaming\Python\Python314\site-packages\sqlalchemy\util\langhelpers.py:224: in __exit__
    raise exc_value.with_traceback(exc_tb)
C:\Users\TheLo\AppData\Roaming\Python\Python314\site-packages\sqlalchemy\pool\impl.py:175: in _do_get
    return self._create_connection()
           ^^^^^^^^^^^^^^^^^^^^^^^^^
C:\Users\TheLo\AppData\Roaming\Python\Python314\site-packages\sqlalchemy\pool\base.py:388: in _create_connection
    return _ConnectionRecord(self)
           ^^^^^^^^^^^^^^^^^^^^^^^
C:\Users\TheLo\AppData\Roaming\Python\Python314\site-packages\sqlalchemy\pool\base.py:673: in __init__
    self.__connect()
C:\Users\TheLo\AppData\Roaming\Python\Python314\site-packages\sqlalchemy\pool\base.py:899: in __connect
    with util.safe_reraise():
         ^^^^^^^^^^^^^^^^^^^
C:\Users\TheLo\AppData\Roaming\Python\Python314\site-packages\sqlalchemy\util\langhelpers.py:224: in __exit__
    raise exc_value.with_traceback(exc_tb)
C:\Users\TheLo\AppData\Roaming\Python\Python314\site-packages\sqlalchemy\pool\base.py:895: in __connect
    self.dbapi_connection = connection = pool._invoke_creator(self)
                                         ^^^^^^^^^^^^^^^^^^^^^^^^^^
C:\Users\TheLo\AppData\Roaming\Python\Python314\site-packages\sqlalchemy\engine\create.py:661: in connect
    return dialect.connect(*cargs, **cparams)
           ^^^^^^^^^^^^^^^^^^^^^^^^^^^^^^^^^^
C:\Users\TheLo\AppData\Roaming\Python\Python314\site-packages\sqlalchemy\engine\default.py:629: in connect
    return self.loaded_dbapi.connect(*cargs, **cparams)  # type: ignore[no-any-return]  # NOQA: E501
           ^^^^^^^^^^^^^^^^^^^^^^^^^^^^^^^^^^^^^^^^^^^^
C:\Users\TheLo\AppData\Roaming\Python\Python314\site-packages\psycopg2\__init__.py:135: in connect
    conn = _connect(dsn, connection_factory=connection_factory, **kwasync)
           ^^^^^^^^^^^^^^^^^^^^^^^^^^^^^^^^^^^^^^^^^^^^^^^^^^^^^^^^^^^^^^^
E   psycopg2.OperationalError: could not translate host name "db" to address: Name or service not known

The above exception was the direct cause of the following exception:
tests\test_cache_integration.py:87: in test_game_catalog_caching_and_invalidation
    resp1 = await client.get("/api/games")
            ^^^^^^^^^^^^^^^^^^^^^^^^^^^^^^
C:\Users\TheLo\AppData\Roaming\Python\Python314\site-packages\httpx\_client.py:1768: in get
    return await self.request(
C:\Users\TheLo\AppData\Roaming\Python\Python314\site-packages\httpx\_client.py:1540: in request
    return await self.send(request, auth=auth, follow_redirects=follow_redirects)
           ^^^^^^^^^^^^^^^^^^^^^^^^^^^^^^^^^^^^^^^^^^^^^^^^^^^^^^^^^^^^^^^^^^^^^^
C:\Users\TheLo\AppData\Roaming\Python\Python314\site-packages\httpx\_client.py:1629: in send
    response = await self._send_handling_auth(
C:\Users\TheLo\AppData\Roaming\Python\Python314\site-packages\httpx\_client.py:1657: in _send_handling_auth
    response = await self._send_handling_redirects(
C:\Users\TheLo\AppData\Roaming\Python\Python314\site-packages\httpx\_client.py:1694: in _send_handling_redirects
    response = await self._send_single_request(request)
               ^^^^^^^^^^^^^^^^^^^^^^^^^^^^^^^^^^^^^^^^
C:\Users\TheLo\AppData\Roaming\Python\Python314\site-packages\httpx\_client.py:1730: in _send_single_request
    response = await transport.handle_async_request(request)
               ^^^^^^^^^^^^^^^^^^^^^^^^^^^^^^^^^^^^^^^^^^^^^
C:\Users\TheLo\AppData\Roaming\Python\Python314\site-packages\httpx\_transports\asgi.py:170: in handle_async_request
    await self.app(scope, receive, send)
C:\Users\TheLo\AppData\Roaming\Python\Python314\site-packages\fastapi\applications.py:1134: in __call__
    await super().__call__(scope, receive, send)
C:\Users\TheLo\AppData\Roaming\Python\Python314\site-packages\starlette\applications.py:107: in __call__
    await self.middleware_stack(scope, receive, send)
C:\Users\TheLo\AppData\Roaming\Python\Python314\site-packages\starlette\middleware\errors.py:186: in __call__
    raise exc
C:\Users\TheLo\AppData\Roaming\Python\Python314\site-packages\starlette\middleware\errors.py:164: in __call__
    await self.app(scope, receive, _send)
C:\Users\TheLo\AppData\Roaming\Python\Python314\site-packages\starlette\middleware\base.py:191: in __call__
    with recv_stream, send_stream, collapse_excgroups():
                                   ^^^^^^^^^^^^^^^^^^^^
C:\Python314\Lib\contextlib.py:162: in __exit__
    self.gen.throw(value)
C:\Users\TheLo\AppData\Roaming\Python\Python314\site-packages\starlette\_utils.py:85: in collapse_excgroups
    raise exc
C:\Users\TheLo\AppData\Roaming\Python\Python314\site-packages\starlette\middleware\base.py:193: in __call__
    response = await self.dispatch_func(request, call_next)
               ^^^^^^^^^^^^^^^^^^^^^^^^^^^^^^^^^^^^^^^^^^^^
app\main.py:221: in json_logging_middleware
    response = await call_next(request)
               ^^^^^^^^^^^^^^^^^^^^^^^^
C:\Users\TheLo\AppData\Roaming\Python\Python314\site-packages\starlette\middleware\base.py:168: in call_next
    raise app_exc from app_exc.__cause__ or app_exc.__context__
C:\Users\TheLo\AppData\Roaming\Python\Python314\site-packages\starlette\middleware\base.py:144: in coro
    await self.app(scope, receive_or_disconnect, send_no_error)
C:\Users\TheLo\AppData\Roaming\Python\Python314\site-packages\starlette\middleware\cors.py:85: in __call__
    await self.app(scope, receive, send)
C:\Users\TheLo\AppData\Roaming\Python\Python314\site-packages\starlette\middleware\base.py:191: in __call__
    with recv_stream, send_stream, collapse_excgroups():
                                   ^^^^^^^^^^^^^^^^^^^^
C:\Python314\Lib\contextlib.py:162: in __exit__
    self.gen.throw(value)
C:\Users\TheLo\AppData\Roaming\Python\Python314\site-packages\starlette\_utils.py:85: in collapse_excgroups
    raise exc
C:\Users\TheLo\AppData\Roaming\Python\Python314\site-packages\starlette\middleware\base.py:193: in __call__
    response = await self.dispatch_func(request, call_next)
               ^^^^^^^^^^^^^^^^^^^^^^^^^^^^^^^^^^^^^^^^^^^^
app\middleware\security.py:154: in dispatch
    return await call_next(request)
           ^^^^^^^^^^^^^^^^^^^^^^^^
C:\Users\TheLo\AppData\Roaming\Python\Python314\site-packages\starlette\middleware\base.py:168: in call_next
    raise app_exc from app_exc.__cause__ or app_exc.__context__
C:\Users\TheLo\AppData\Roaming\Python\Python314\site-packages\starlette\middleware\base.py:144: in coro
    await self.app(scope, receive_or_disconnect, send_no_error)
C:\Users\TheLo\AppData\Roaming\Python\Python314\site-packages\starlette\middleware\base.py:191: in __call__
    with recv_stream, send_stream, collapse_excgroups():
                                   ^^^^^^^^^^^^^^^^^^^^
C:\Python314\Lib\contextlib.py:162: in __exit__
    self.gen.throw(value)
C:\Users\TheLo\AppData\Roaming\Python\Python314\site-packages\starlette\_utils.py:85: in collapse_excgroups
    raise exc
C:\Users\TheLo\AppData\Roaming\Python\Python314\site-packages\starlette\middleware\base.py:193: in __call__
    response = await self.dispatch_func(request, call_next)
               ^^^^^^^^^^^^^^^^^^^^^^^^^^^^^^^^^^^^^^^^^^^^
app\middleware\security.py:128: in dispatch
    return await call_next(request)
           ^^^^^^^^^^^^^^^^^^^^^^^^
C:\Users\TheLo\AppData\Roaming\Python\Python314\site-packages\starlette\middleware\base.py:168: in call_next
    raise app_exc from app_exc.__cause__ or app_exc.__context__
C:\Users\TheLo\AppData\Roaming\Python\Python314\site-packages\starlette\middleware\base.py:144: in coro
    await self.app(scope, receive_or_disconnect, send_no_error)
C:\Users\TheLo\AppData\Roaming\Python\Python314\site-packages\starlette\middleware\base.py:191: in __call__
    with recv_stream, send_stream, collapse_excgroups():
                                   ^^^^^^^^^^^^^^^^^^^^
C:\Python314\Lib\contextlib.py:162: in __exit__
    self.gen.throw(value)
C:\Users\TheLo\AppData\Roaming\Python\Python314\site-packages\starlette\_utils.py:85: in collapse_excgroups
    raise exc
C:\Users\TheLo\AppData\Roaming\Python\Python314\site-packages\starlette\middleware\base.py:193: in __call__
    response = await self.dispatch_func(request, call_next)
               ^^^^^^^^^^^^^^^^^^^^^^^^^^^^^^^^^^^^^^^^^^^^
app\middleware\security.py:19: in dispatch
    response = await call_next(request)
               ^^^^^^^^^^^^^^^^^^^^^^^^
C:\Users\TheLo\AppData\Roaming\Python\Python314\site-packages\starlette\middleware\base.py:168: in call_next
    raise app_exc from app_exc.__cause__ or app_exc.__context__
C:\Users\TheLo\AppData\Roaming\Python\Python314\site-packages\starlette\middleware\base.py:144: in coro
    await self.app(scope, receive_or_disconnect, send_no_error)
C:\Users\TheLo\AppData\Roaming\Python\Python314\site-packages\starlette\middleware\base.py:191: in __call__
    with recv_stream, send_stream, collapse_excgroups():
                                   ^^^^^^^^^^^^^^^^^^^^
C:\Python314\Lib\contextlib.py:162: in __exit__
    self.gen.throw(value)
C:\Users\TheLo\AppData\Roaming\Python\Python314\site-packages\starlette\_utils.py:85: in collapse_excgroups
    raise exc
C:\Users\TheLo\AppData\Roaming\Python\Python314\site-packages\starlette\middleware\base.py:193: in __call__
    response = await self.dispatch_func(request, call_next)
               ^^^^^^^^^^^^^^^^^^^^^^^^^^^^^^^^^^^^^^^^^^^^
app\middleware\csrf.py:32: in dispatch
    response = await call_next(request)
               ^^^^^^^^^^^^^^^^^^^^^^^^
C:\Users\TheLo\AppData\Roaming\Python\Python314\site-packages\starlette\middleware\base.py:168: in call_next
    raise app_exc from app_exc.__cause__ or app_exc.__context__
C:\Users\TheLo\AppData\Roaming\Python\Python314\site-packages\starlette\middleware\base.py:144: in coro
    await self.app(scope, receive_or_disconnect, send_no_error)
C:\Users\TheLo\AppData\Roaming\Python\Python314\site-packages\starlette\middleware\exceptions.py:63: in __call__
    await wrap_app_handling_exceptions(self.app, conn)(scope, receive, send)
C:\Users\TheLo\AppData\Roaming\Python\Python314\site-packages\starlette\_exception_handler.py:53: in wrapped_app
    raise exc
C:\Users\TheLo\AppData\Roaming\Python\Python314\site-packages\starlette\_exception_handler.py:42: in wrapped_app
    await app(scope, receive, sender)
C:\Users\TheLo\AppData\Roaming\Python\Python314\site-packages\fastapi\middleware\asyncexitstack.py:18: in __call__
    await self.app(scope, receive, send)
C:\Users\TheLo\AppData\Roaming\Python\Python314\site-packages\starlette\routing.py:716: in __call__
    await self.middleware_stack(scope, receive, send)
C:\Users\TheLo\AppData\Roaming\Python\Python314\site-packages\starlette\routing.py:736: in app
    await route.handle(scope, receive, send)
C:\Users\TheLo\AppData\Roaming\Python\Python314\site-packages\starlette\routing.py:290: in handle
    await self.app(scope, receive, send)
C:\Users\TheLo\AppData\Roaming\Python\Python314\site-packages\fastapi\routing.py:125: in app
    await wrap_app_handling_exceptions(app, request)(scope, receive, send)
C:\Users\TheLo\AppData\Roaming\Python\Python314\site-packages\starlette\_exception_handler.py:53: in wrapped_app
    raise exc
C:\Users\TheLo\AppData\Roaming\Python\Python314\site-packages\starlette\_exception_handler.py:42: in wrapped_app
    await app(scope, receive, sender)
C:\Users\TheLo\AppData\Roaming\Python\Python314\site-packages\fastapi\routing.py:111: in app
    response = await f(request)
               ^^^^^^^^^^^^^^^^
C:\Users\TheLo\AppData\Roaming\Python\Python314\site-packages\fastapi\routing.py:391: in app
    raw_response = await run_endpoint_function(
C:\Users\TheLo\AppData\Roaming\Python\Python314\site-packages\fastapi\routing.py:290: in run_endpoint_function
    return await dependant.call(**values)
           ^^^^^^^^^^^^^^^^^^^^^^^^^^^^^^
app\api\endpoints\games.py:49: in list_games
    return await get_or_set(
app\utils\cache.py:227: in get_or_set
    result = await compute_func()
             ^^^^^^^^^^^^^^^^^^^^
app\api\endpoints\games.py:46: in _compute
    return await run_in_threadpool(_query)
           ^^^^^^^^^^^^^^^^^^^^^^^^^^^^^^^
C:\Users\TheLo\AppData\Roaming\Python\Python314\site-packages\starlette\concurrency.py:32: in run_in_threadpool
    return await anyio.to_thread.run_sync(func)
           ^^^^^^^^^^^^^^^^^^^^^^^^^^^^^^^^^^^^
C:\Users\TheLo\AppData\Roaming\Python\Python314\site-packages\anyio\to_thread.py:61: in run_sync
    return await get_async_backend().run_sync_in_worker_thread(
C:\Users\TheLo\AppData\Roaming\Python\Python314\site-packages\anyio\_backends\_asyncio.py:2525: in run_sync_in_worker_thread
    return await future
           ^^^^^^^^^^^^
C:\Users\TheLo\AppData\Roaming\Python\Python314\site-packages\anyio\_backends\_asyncio.py:986: in run
    result = context.run(func, *args)
             ^^^^^^^^^^^^^^^^^^^^^^^^
app\api\endpoints\games.py:44: in _query
    return query.offset(skip).limit(limit).all()
           ^^^^^^^^^^^^^^^^^^^^^^^^^^^^^^^^^^^^^
C:\Users\TheLo\AppData\Roaming\Python\Python314\site-packages\sqlalchemy\orm\query.py:2704: in all
    return self._iter().all()  # type: ignore
           ^^^^^^^^^^^^
C:\Users\TheLo\AppData\Roaming\Python\Python314\site-packages\sqlalchemy\orm\query.py:2857: in _iter
    result: Union[ScalarResult[_T], Result[_T]] = self.session.execute(
C:\Users\TheLo\AppData\Roaming\Python\Python314\site-packages\sqlalchemy\orm\session.py:2351: in execute
    return self._execute_internal(
C:\Users\TheLo\AppData\Roaming\Python\Python314\site-packages\sqlalchemy\orm\session.py:2239: in _execute_internal
    conn = self._connection_for_bind(bind)
           ^^^^^^^^^^^^^^^^^^^^^^^^^^^^^^^
C:\Users\TheLo\AppData\Roaming\Python\Python314\site-packages\sqlalchemy\orm\session.py:2108: in _connection_for_bind
    return trans._connection_for_bind(engine, execution_options)
           ^^^^^^^^^^^^^^^^^^^^^^^^^^^^^^^^^^^^^^^^^^^^^^^^^^^^^
<string>:2: in _connection_for_bind
    ???
C:\Users\TheLo\AppData\Roaming\Python\Python314\site-packages\sqlalchemy\orm\state_changes.py:137: in _go
    ret_value = fn(self, *arg, **kw)
                ^^^^^^^^^^^^^^^^^^^^
C:\Users\TheLo\AppData\Roaming\Python\Python314\site-packages\sqlalchemy\orm\session.py:1187: in _connection_for_bind
    conn = bind.connect()
           ^^^^^^^^^^^^^^
C:\Users\TheLo\AppData\Roaming\Python\Python314\site-packages\sqlalchemy\engine\base.py:3277: in connect
    return self._connection_cls(self)
           ^^^^^^^^^^^^^^^^^^^^^^^^^^
C:\Users\TheLo\AppData\Roaming\Python\Python314\site-packages\sqlalchemy\engine\base.py:145: in __init__
    Connection._handle_dbapi_exception_noconnection(
C:\Users\TheLo\AppData\Roaming\Python\Python314\site-packages\sqlalchemy\engine\base.py:2440: in _handle_dbapi_exception_noconnection
    raise sqlalchemy_exception.with_traceback(exc_info[2]) from e
C:\Users\TheLo\AppData\Roaming\Python\Python314\site-packages\sqlalchemy\engine\base.py:143: in __init__
    self._dbapi_connection = engine.raw_connection()
                             ^^^^^^^^^^^^^^^^^^^^^^^
C:\Users\TheLo\AppData\Roaming\Python\Python314\site-packages\sqlalchemy\engine\base.py:3301: in raw_connection
    return self.pool.connect()
           ^^^^^^^^^^^^^^^^^^^
C:\Users\TheLo\AppData\Roaming\Python\Python314\site-packages\sqlalchemy\pool\base.py:447: in connect
    return _ConnectionFairy._checkout(self)
           ^^^^^^^^^^^^^^^^^^^^^^^^^^^^^^^^
C:\Users\TheLo\AppData\Roaming\Python\Python314\site-packages\sqlalchemy\pool\base.py:1264: in _checkout
    fairy = _ConnectionRecord.checkout(pool)
            ^^^^^^^^^^^^^^^^^^^^^^^^^^^^^^^^
C:\Users\TheLo\AppData\Roaming\Python\Python314\site-packages\sqlalchemy\pool\base.py:711: in checkout
    rec = pool._do_get()
          ^^^^^^^^^^^^^^
C:\Users\TheLo\AppData\Roaming\Python\Python314\site-packages\sqlalchemy\pool\impl.py:177: in _do_get
    with util.safe_reraise():
         ^^^^^^^^^^^^^^^^^^^
C:\Users\TheLo\AppData\Roaming\Python\Python314\site-packages\sqlalchemy\util\langhelpers.py:224: in __exit__
    raise exc_value.with_traceback(exc_tb)
C:\Users\TheLo\AppData\Roaming\Python\Python314\site-packages\sqlalchemy\pool\impl.py:175: in _do_get
    return self._create_connection()
           ^^^^^^^^^^^^^^^^^^^^^^^^^
C:\Users\TheLo\AppData\Roaming\Python\Python314\site-packages\sqlalchemy\pool\base.py:388: in _create_connection
    return _ConnectionRecord(self)
           ^^^^^^^^^^^^^^^^^^^^^^^
C:\Users\TheLo\AppData\Roaming\Python\Python314\site-packages\sqlalchemy\pool\base.py:673: in __init__
    self.__connect()
C:\Users\TheLo\AppData\Roaming\Python\Python314\site-packages\sqlalchemy\pool\base.py:899: in __connect
    with util.safe_reraise():
         ^^^^^^^^^^^^^^^^^^^
C:\Users\TheLo\AppData\Roaming\Python\Python314\site-packages\sqlalchemy\util\langhelpers.py:224: in __exit__
    raise exc_value.with_traceback(exc_tb)
C:\Users\TheLo\AppData\Roaming\Python\Python314\site-packages\sqlalchemy\pool\base.py:895: in __connect
    self.dbapi_connection = connection = pool._invoke_creator(self)
                                         ^^^^^^^^^^^^^^^^^^^^^^^^^^
C:\Users\TheLo\AppData\Roaming\Python\Python314\site-packages\sqlalchemy\engine\create.py:661: in connect
    return dialect.connect(*cargs, **cparams)
           ^^^^^^^^^^^^^^^^^^^^^^^^^^^^^^^^^^
C:\Users\TheLo\AppData\Roaming\Python\Python314\site-packages\sqlalchemy\engine\default.py:629: in connect
    return self.loaded_dbapi.connect(*cargs, **cparams)  # type: ignore[no-any-return]  # NOQA: E501
           ^^^^^^^^^^^^^^^^^^^^^^^^^^^^^^^^^^^^^^^^^^^^
C:\Users\TheLo\AppData\Roaming\Python\Python314\site-packages\psycopg2\__init__.py:135: in connect
    conn = _connect(dsn, connection_factory=connection_factory, **kwasync)
           ^^^^^^^^^^^^^^^^^^^^^^^^^^^^^^^^^^^^^^^^^^^^^^^^^^^^^^^^^^^^^^^
E   sqlalchemy.exc.OperationalError: (psycopg2.OperationalError) could not translate host name "db" to address: Name or service not known
E   
E   (Background on this error at: https://sqlalche.me/e/20/e3q8)
=========================== short test summary info ===========================
FAILED tests/test_cache_integration.py::test_game_catalog_caching_and_invalidation
========================= 1 failed, 2 passed in 3.36s =========================
